// Jest Snapshot v1, https://goo.gl/fbAQLP

exports[`pickUniquely should return a candidate matching the snapshot 1`] = `"c2"`;
